// Jest Snapshot v1, https://goo.gl/fbAQLP

exports[`DetailContactAvatar to match snapshot 1`] = `
<View
  style={
    [
      false,
      {
        "overflow": "hidden",
      },
      false,
      undefined,
    ]
  }
>
  <View
    style={
      [
        false,
        undefined,
      ]
    }
  >
    <View
      accessibilityState={
        {
          "busy": undefined,
          "checked": undefined,
          "disabled": undefined,
          "expanded": undefined,
          "selected": undefined,
        }
      }
      accessibilityValue={
        {
          "max": undefined,
          "min": undefined,
          "now": undefined,
          "text": undefined,
        }
      }
      accessible={true}
      collapsable={false}
      focusable={true}
      onClick={[Function]}
      onResponderGrant={[Function]}
      onResponderMove={[Function]}
      onResponderRelease={[Function]}
      onResponderTerminate={[Function]}
      onResponderTerminationRequest={[Function]}
      onStartShouldSetResponder={[Function]}
      style={
        {
          "alignItems": "center",
          "backgroundColor": "#D9D9D9",
          "borderRadius": 117.85714285714286,
          "height": 235.71428571428572,
          "justifyContent": "center",
          "marginBottom": 25.142857142857142,
          "opacity": 1,
          "width": 235.71428571428572,
        }
      }
      testID="contact-avatar-btn"
    >
      <Image
        source={
          {
            "uri": "https://example.com/photo.jpg",
          }
        }
        style={
          {
            "borderRadius": 117.85714285714286,
            "height": "100%",
            "width": "100%",
          }
        }
        testID="contact-avatar-image"
      />
      <View
        style={
          {
            "alignItems": "center",
            "backgroundColor": "#D9D9D9",
            "borderRadius": 39.285714285714285,
            "bottom": 0,
            "height": 39.285714285714285,
            "justifyContent": "center",
            "position": "absolute",
            "right": 31.428571428571427,
            "width": 39.285714285714285,
          }
        }
      >
        <Text
          allowFontScaling={false}
          selectable={false}
          style={
            [
              {
                "color": "#000000",
                "fontSize": 25.142857142857142,
              },
              undefined,
              {
                "fontFamily": "Fontisto",
                "fontStyle": "normal",
                "fontWeight": "normal",
              },
              {},
            ]
          }
          testID="contact-avatar-icon"
        >
          î§¸
        </Text>
      </View>
    </View>
  </View>
</View>
`;
