// Jest Snapshot v1, https://goo.gl/fbAQLP

exports[`ContactCard should match snapshot 1`] = `
<View
  accessibilityState={
    {
      "busy": undefined,
      "checked": undefined,
      "disabled": undefined,
      "expanded": undefined,
      "selected": undefined,
    }
  }
  accessibilityValue={
    {
      "max": undefined,
      "min": undefined,
      "now": undefined,
      "text": undefined,
    }
  }
  accessible={true}
  collapsable={false}
  focusable={true}
  onClick={[Function]}
  onResponderGrant={[Function]}
  onResponderMove={[Function]}
  onResponderRelease={[Function]}
  onResponderTerminate={[Function]}
  onResponderTerminationRequest={[Function]}
  onStartShouldSetResponder={[Function]}
  style={
    {
      "alignItems": "center",
      "borderBottomWidth": 1,
      "borderColor": "#D9D9D9",
      "flexDirection": "row",
      "justifyContent": "space-between",
      "opacity": 1,
      "padding": 16,
    }
  }
  testID="contact-card"
>
  <View
    style={
      {
        "flexDirection": "row",
        "gap": 23.57142857142857,
      }
    }
  >
    <View
      style={
        [
          false,
          {
            "overflow": "hidden",
          },
          false,
          undefined,
        ]
      }
    >
      <View
        style={
          [
            false,
            undefined,
          ]
        }
      >
        <View
          style={
            {
              "backgroundColor": "#D9D9D9",
              "borderRadius": 40.85714285714286,
              "height": 81.71428571428572,
              "width": 81.71428571428572,
            }
          }
        >
          <Image
            source={
              {
                "uri": "https://example.com/john.jpg",
              }
            }
            style={
              {
                "borderRadius": 40.85714285714286,
                "height": "100%",
                "width": "100%",
              }
            }
            testID="img-contact-card"
          />
        </View>
      </View>
    </View>
    <View
      style={
        {
          "justifyContent": "space-between",
        }
      }
    >
      <View>
        <View
          style={
            [
              false,
              {
                "overflow": "hidden",
              },
              false,
              undefined,
            ]
          }
        >
          <View
            style={
              [
                false,
                undefined,
              ]
            }
          >
            <Text
              style={
                {
                  "color": "#26245D",
                  "flexShrink": 1,
                  "fontFamily": "Roboto-Bold",
                  "fontSize": 22,
                  "fontStyle": "normal",
                  "fontWeight": "normal",
                }
              }
              testID="contact-card-text-name"
            >
              John Doe
            </Text>
          </View>
        </View>
        <View
          style={
            [
              false,
              {
                "overflow": "hidden",
              },
              false,
              undefined,
            ]
          }
        >
          <View
            style={
              [
                false,
                undefined,
              ]
            }
          >
            <Text
              style={
                {
                  "color": "#5C81F5",
                  "flexShrink": 1,
                  "fontFamily": "Roboto-Bold",
                  "fontSize": 15.714285714285714,
                  "fontStyle": "normal",
                  "fontWeight": "normal",
                }
              }
              testID="contact-card-text-age"
            >
              30 Years Old
            </Text>
          </View>
        </View>
      </View>
      <View
        style={
          [
            false,
            {
              "overflow": "hidden",
            },
            false,
            undefined,
          ]
        }
      >
        <View
          style={
            [
              false,
              undefined,
            ]
          }
        >
          <Text
            style={
              {
                "color": "#898898",
                "flexShrink": 1,
                "fontFamily": "Roboto-Regular",
                "fontSize": 15.714285714285714,
                "fontStyle": "normal",
                "fontWeight": "normal",
              }
            }
            testID="contact-card-call-history"
          >
            June 08, 2024
          </Text>
        </View>
      </View>
    </View>
  </View>
  <View
    style={
      [
        false,
        {
          "overflow": "hidden",
        },
        false,
        undefined,
      ]
    }
  >
    <View
      style={
        [
          false,
          undefined,
        ]
      }
    >
      <Text
        allowFontScaling={false}
        selectable={false}
        style={
          [
            {
              "color": "#000000",
              "fontSize": 25.142857142857142,
            },
            undefined,
            {
              "fontFamily": "anticon",
              "fontStyle": "normal",
              "fontWeight": "normal",
            },
            {},
          ]
        }
      >
        î˜ˆ
      </Text>
    </View>
  </View>
</View>
`;
